// Jest Snapshot v1, https://goo.gl/fbAQLP

exports[`should take a snapshot 1`] = `
<DocumentFragment>
  <div
    class="App"
  >
    <nav
      data-testid="navbar"
    >
      <a
        data-testid="home-link"
        href="/"
      >
        Home
      </a>
      <a
        data-testid="about-link"
        href="/about"
      >
        About
      </a>
      <a
        data-testid="contact-link"
        href="/contact/John Doe"
      >
        Contact
      </a>
    </nav>
    <h1
      data-testid="home-page"
    >
      Home page
    </h1>
    <header
      class="App-header"
    >
      <img
        alt="logo"
        class="App-logo"
        src="logo.svg"
      />
      <p>
        Edit 
        <code>
          src/App.js
        </code>
         and save to reload.
      </p>
      <a
        class="App-link"
        href="https://reactjs.org"
        rel="noopener noreferrer"
        target="_blank"
      >
        Learn React
      </a>
    </header>
  </div>
</DocumentFragment>
`;
